13:38:58 **** Auto Build of configuration Debug for project main_ps ****
make pre-build main-build 
a9-linaro-pre-build-step
' '
'Building file: ../src/helloworld.c'
'Invoking: ARM v7 gcc compiler'
arm-none-eabi-gcc -Wall -O0 -g3 -c -fmessage-length=0 -MT"src/helloworld.o" -mcpu=cortex-a9 -mfpu=vfpv3 -mfloat-abi=hard -I../../main_ps_bsp/ps7_cortexa9_0/include -MMD -MP -MF"src/helloworld.d" -MT"src/helloworld.o" -o "src/helloworld.o" "../src/helloworld.c"
../src/helloworld.c: In function 'main':
../src/helloworld.c:71:5: warning: implicit declaration of function 'printb'; did you mean 'print'? [-Wimplicit-function-declaration]
     printb(&cdmareg[1]);
     ^~~~~~
     print
../src/helloworld.c:79:17: warning: assignment makes integer from pointer without a cast [-Wint-conversion]
      cdmareg[8] = cdmadapt;
                 ^
../src/helloworld.c:104:7: warning: passing argument 1 of 'free' discards 'volatile' qualifier from pointer target type [-Wdiscarded-qualifiers]
  free(cdmadapt);
       ^~~~~~~~
In file included from c:\xilinx\sdk\2018.1\gnu\aarch32\nt\gcc-arm-none-eabi\arm-none-eabi\libc\usr\include\stdio.h:29:0,
                 from ../src/helloworld.c:48:
c:\xilinx\sdk\2018.1\gnu\aarch32\nt\gcc-arm-none-eabi\arm-none-eabi\libc\usr\include\stdlib.h:89:7: note: expected 'void *' but argument is of type 'volatile unsigned int *'
 _VOID _EXFUN_NOTHROW(free,(_PTR));
       ^
../src/helloworld.c:105:7: warning: passing argument 1 of 'free' discards 'volatile' qualifier from pointer target type [-Wdiscarded-qualifiers]
  free(cdmareg);
       ^~~~~~~
In file included from c:\xilinx\sdk\2018.1\gnu\aarch32\nt\gcc-arm-none-eabi\arm-none-eabi\libc\usr\include\stdio.h:29:0,
                 from ../src/helloworld.c:48:
c:\xilinx\sdk\2018.1\gnu\aarch32\nt\gcc-arm-none-eabi\arm-none-eabi\libc\usr\include\stdlib.h:89:7: note: expected 'void *' but argument is of type 'volatile unsigned int *'
 _VOID _EXFUN_NOTHROW(free,(_PTR));
       ^
../src/helloworld.c:106:7: warning: passing argument 1 of 'free' makes pointer from integer without a cast [-Wint-conversion]
  free(i);
       ^
In file included from c:\xilinx\sdk\2018.1\gnu\aarch32\nt\gcc-arm-none-eabi\arm-none-eabi\libc\usr\include\stdio.h:29:0,
                 from ../src/helloworld.c:48:
c:\xilinx\sdk\2018.1\gnu\aarch32\nt\gcc-arm-none-eabi\arm-none-eabi\libc\usr\include\stdlib.h:89:7: note: expected 'void *' but argument is of type 'int'
 _VOID _EXFUN_NOTHROW(free,(_PTR));
       ^
../src/helloworld.c: At top level:
../src/helloworld.c:134:21: warning: type defaults to 'int' in declaration of 'ptr' [-Wimplicit-int]
 void printb(const * ptr)
                     ^~~
../src/helloworld.c:134:6: warning: conflicting types for 'printb'
 void printb(const * ptr)
      ^~~~~~
../src/helloworld.c:71:5: note: previous implicit declaration of 'printb' was here
     printb(&cdmareg[1]);
     ^~~~~~
'Finished building: ../src/helloworld.c'
' '
'Building target: main_ps.elf'
'Invoking: ARM v7 gcc linker'
arm-none-eabi-gcc -mcpu=cortex-a9 -mfpu=vfpv3 -mfloat-abi=hard -Wl,-build-id=none -specs=Xilinx.spec -Wl,-T -Wl,../src/lscript.ld -L../../main_ps_bsp/ps7_cortexa9_0/lib -o "main_ps.elf"  ./src/helloworld.o ./src/platform.o   -Wl,--start-group,-lxil,-lgcc,-lc,--end-group
'Finished building target: main_ps.elf'
' '
'Invoking: ARM v7 Print Size'
arm-none-eabi-size main_ps.elf  |tee "main_ps.elf.size"
   text	   data	    bss	    dec	    hex	filename
  71632	   2580	  23328	  97540	  17d04	main_ps.elf
'Finished building: main_ps.elf.size'
' '

13:39:00 Build Finished (took 1s.387ms)

